---
source: src/parser.rs
expression: "p_typ(\"Foo => Bar => b -> b\")"
---
14 of 14
===
Module
 Header
  QProperName
   NULL
   ProperName
    7..10
  Decl::Sig
   Name
    18..19
   Typ::Constrained
    Constraint
     QProperName
      NULL
      ProperName
       23..26
    Typ::Constrained
     Constraint
      QProperName
       NULL
       ProperName
        30..33
     Typ::Arr
      Typ::Var
       Name
        37..38
      Typ::Var
       Name
        42..43
===
