---
source: src/parser.rs
expression: "p_expr(r\" ado\n                    a <- f 2\n                    in a\n            \")"
---
17 of 17
===
Module
 Header
  QProperName
   NULL
   ProperName
    7..11
===
Unexpected(Known(77, 79, 0), Some(In), "T::LaySep")
FailedToParseDecl(Known(0, 20, 0), 1, 4, 16)
