---
source: src/lexer.rs
expression: "p(\"A.B.Unit A.B.var A.B.### A.B....\")"
---
Ok(Qual((0, "A.")))
Ok(Qual((2, "B.")))
Ok(Upper((4, "Unit")))
Ok(Whitespace(" "))
Ok(Qual((9, "A.")))
Ok(Qual((11, "B.")))
Ok(Lower((13, "var")))
Ok(Whitespace(" "))
Ok(Qual((17, "A.")))
Ok(Qual((19, "B.")))
Ok(Symbol("###"))
Ok(Whitespace(" "))
Ok(Qual((25, "A.")))
Ok(Qual((27, "B.")))
Ok(Symbol("..."))
