---
source: src/parser.rs
expression: "p_expr(\"(1 + 1) * 2 + foo @A `a + b` A.B.C.d A.B.+ q :: Int\")"
---
26 of 26
===
Expr::Op
 Expr::Paren
  Expr::Op
   Expr::Number
    Number
     1..2
   QOp
    3..4
    Op
     3..4
   Expr::Number
    Number
     5..6
 QOp
  8..9
  Op
   8..9
 Expr::Op
  Expr::Number
   Number
    10..11
  QOp
   12..13
   Op
    12..13
  Expr::Op
   Expr::Infix
    Expr::Vta
     Expr::Ident
      QName
       14..17
       Name
        14..17
     Typ::Constructor
      QProperName
       19..20
       ProperName
        19..20
    Expr::Op
     Expr::Ident
      QName
       22..23
       Name
        22..23
     QOp
      24..25
      Op
       24..25
     Expr::Ident
      QName
       26..27
       Name
        26..27
    Expr::Ident
     QName
      29..31
        Qual
         29..31
        Qual
         31..33
        Qual
         33..35
      Name
       35..36
   QOp
    37..39
      Qual
       37..39
      Qual
       39..41
    Op
     41..42
   Expr::Op
    Expr::Ident
     QName
      43..44
      Name
       43..44
    QOp
     45..47
     Op
      45..47
    Expr::Constructor
     QProperName
      48..51
      ProperName
       48..51
===
