---
source: src/lexer.rs
expression: "p(\"module A where (a, b, c)\\nimport B as B\\nfoo = 1 + B.t\")"
---
Ok(Lower((0, "module")))
Ok(Whitespace(" "))
Ok(Upper((7, "A")))
Ok(Whitespace(" "))
Ok(Lower((9, "where")))
Ok(Whitespace(" "))
Ok(LeftParen)
Ok(Lower((16, "a")))
Ok(Comma)
Ok(Whitespace(" "))
Ok(Lower((19, "b")))
Ok(Comma)
Ok(Whitespace(" "))
Ok(Lower((22, "c")))
Ok(RightParen)
Ok(Newline)
Ok(Lower((0, "import")))
Ok(Whitespace(" "))
Ok(Upper((7, "B")))
Ok(Whitespace(" "))
Ok(Lower((9, "as")))
Ok(Whitespace(" "))
Ok(Upper((12, "B")))
Ok(Newline)
Ok(Lower((0, "foo")))
Ok(Whitespace(" "))
Ok(Symbol("="))
Ok(Whitespace(" "))
Ok(Number("1"))
Ok(Whitespace(" "))
Ok(Symbol("+"))
Ok(Whitespace(" "))
Ok(Qual((10, "B.")))
Ok(Lower((12, "t")))
