---
source: src/parser.rs
expression: "p_expr(r\" ado\n                    a <- f 2\n                    in a\n            \")"
---
17 of 17
===
Module
 Header
  QProperName
   NULL
   ProperName
    7..11
  Decl::Def
   Name
    19..20
   GuardedExpr::Unconditional
    Expr::Ado
     NULL
      DoStmt::Stmt
       Binder::Var
        Name
         48..49
       Expr::App
        Expr::Ident
         QName
          NULL
          Name
           53..54
        Expr::Number
         Number
          55..56
     Expr::Ident
      QName
       NULL
       Name
        80..81
===
