---
source: src/parser.rs
expression: "p_expr(\"a `b` c\")"
---
12 of 12
===
Module
 Header
  QProperName
   NULL
   ProperName
    7..11
  Decl::Def
   Name
    19..20
   GuardedExpr::Unconditional
    Expr::Infix
     Expr::Ident
      QName
       NULL
       Name
        23..24
     Expr::Ident
      QName
       NULL
       Name
        26..27
     Expr::Ident
      QName
       NULL
       Name
        29..30
===
