---
source: src/parser.rs
expression: "p_header(r#\"\nmodule A.B.C (a, class B, C, D(..), E(F, G), \n (+), type (+), module H) where\n\nimport A\nimport A as A\nimport A.B.C as A.C\nimport A.B.C (a, class B, \n C, D(..), E(F, G), (+), type (+))\nimport A.B.C hiding (foo)\n        \"#)"
---
97 of 97
===
Header
 QProperName
  8..10
    Qual
     8..10
    Qual
     10..12
  ProperName
   12..13
  Export::Value
   Name
    15..16
  Export::Class
   ProperName
    24..25
  Export::Typ
   ProperName
    27..28
  Export::TypDat
   ProperName
    30..31
   DataMember::All
  Export::TypDat
   ProperName
    37..38
   DataMember::Some
     ProperName
      39..40
     ProperName
      42..43
  Export::Symbol
   Symbol
    49..50
  Export::TypSymbol
   Symbol
    59..60
  Export::Module
   QProperName
    70..71
    ProperName
     70..71
  ImportDecl::Bulk
   QProperName
    87..88
    ProperName
     87..88
  ImportDecl::As
   QProperName
    96..97
    ProperName
     96..97
   QProperName
    101..102
    ProperName
     101..102
  ImportDecl::As
   QProperName
    110..112
      Qual
       110..112
      Qual
       112..114
    ProperName
     114..115
   QProperName
    119..121
      Qual
       119..121
    ProperName
     121..122
  ImportDecl::Multiple
   QProperName
    130..132
      Qual
       130..132
      Qual
       132..134
    ProperName
     134..135
    Import::Value
     Name
      137..138
    Import::Class
     ProperName
      146..147
    Import::Typ
     ProperName
      151..152
    Import::TypDat
     ProperName
      154..155
     DataMember::All
    Import::TypDat
     ProperName
      161..162
     DataMember::Some
       ProperName
        163..164
       ProperName
        166..167
    Import::Symbol
     Symbol
      171..172
    Import::TypSymbol
     Symbol
      181..182
  ImportDecl::Hiding
   QProperName
    192..194
      Qual
       192..194
      Qual
       194..196
    ProperName
     196..197
    Import::Value
     Name
      206..209
===
