---
source: src/parser.rs
expression: "p_module(r\"\nmodule E () where\n\ndata E\n  = E\n      { e :: E\n      }\n  | E E\n            \")"
---
19 of 19
===
Module
 Header
  QProperName
   NULL
   ProperName
    8..9
  Decl::Data
   ProperName
    25..26
    (
     ProperName
      31..32
      Typ::Record
       39..59
        Row
          (
           Label
            41..42
           Typ::Constructor
            QProperName
             NULL
             ProperName
              46..47
          )
         NULL
    )
    (
     ProperName
      60..61
      Typ::Constructor
       QProperName
        NULL
        ProperName
         62..63
    )
===
