---
source: src/parser.rs
expression: "p_typ(\"forall a b . Foo a b => Bar a b => b -> b\")"
---
22 of 22
===
Module
 Header
  QProperName
   NULL
   ProperName
    7..10
  Decl::Sig
   Name
    18..19
   Typ::Forall
     TypVarBinding
      Name
       30..31
      NULL
     TypVarBinding
      Name
       32..33
      NULL
    Typ::Constrained
     Constraint
      QProperName
       NULL
       ProperName
        36..39
       Typ::Var
        Name
         40..41
       Typ::Var
        Name
         42..43
     Typ::Constrained
      Constraint
       QProperName
        NULL
        ProperName
         47..50
        Typ::Var
         Name
          51..52
        Typ::Var
         Name
          53..54
      Typ::Arr
       Typ::Var
        Name
         58..59
       Typ::Var
        Name
         63..64
===
