---
source: src/parser.rs
expression: "p_typ(\"A :: Type\")"
---
11 of 11
===
Module
 Header
  QProperName
   NULL
   ProperName
    7..10
  Decl::Sig
   Name
    18..19
   Typ::Kinded
    Typ::Constructor
     QProperName
      NULL
      ProperName
       23..24
    Typ::Constructor
     QProperName
      NULL
      ProperName
       28..32
===
