---
source: src/parser.rs
expression: "p_expr(r\"\n        ado\n            a <- f 2\n            b <- g a\n            fazz 1 2\n            in b + a\n        \")"
---
28 of 28
===
Module
 Header
  QProperName
   NULL
   ProperName
    7..11
  Decl::Def
   Name
    19..20
   GuardedExpr::Unconditional
    Expr::Ado
     NULL
      DoStmt::Stmt
       Binder::Var
        Name
         48..49
       Expr::App
        Expr::Ident
         QName
          NULL
          Name
           53..54
        Expr::Number
         Number
          55..56
      DoStmt::Stmt
       Binder::Var
        Name
         69..70
       Expr::App
        Expr::Ident
         QName
          NULL
          Name
           74..75
        Expr::Ident
         QName
          NULL
          Name
           76..77
      DoStmt::Stmt
       NULL
       Expr::App
        Expr::App
         Expr::Ident
          QName
           NULL
           Name
            90..94
         Expr::Number
          Number
           95..96
        Expr::Number
         Number
          97..98
     Expr::Op
      Expr::Ident
       QName
        NULL
        Name
         114..115
      QOp
       NULL
       Op
        116..117
      Expr::Ident
       QName
        NULL
        Name
         118..119
===
