---
source: src/parser.rs
expression: "p_typ(\"( a :: A )\")"
---
13 of 13
===
Module
 Header
  QProperName
   NULL
   ProperName
    7..10
  Decl::Sig
   Name
    18..19
   Typ::Row
    0..24
     Row
       (
        Label
         25..26
        Typ::Constructor
         QProperName
          NULL
          ProperName
           30..31
       )
      NULL
===
