---
source: src/parser.rs
expression: "p_typ(\"Foo bar biz\")"
---
10 of 10
===
Module
 Header
  QProperName
   NULL
   ProperName
    7..10
  Decl::Sig
   Name
    18..19
   Typ::App
    Typ::App
     Typ::Constructor
      QProperName
       NULL
       ProperName
        23..26
     Typ::Var
      Name
       27..30
    Typ::Var
     Name
      31..34
===
