---
source: src/lexer.rs
expression: "p(\"module A where (a, b, c)\\nimport B as B\\nfoo = 1 + B.t\")"
---
Ok(Lower("module"))
Ok(Whitespace(" "))
Ok(Upper("A"))
Ok(Whitespace(" "))
Ok(Lower("where"))
Ok(Whitespace(" "))
Ok(LeftParen)
Ok(Lower("a"))
Ok(Comma)
Ok(Whitespace(" "))
Ok(Lower("b"))
Ok(Comma)
Ok(Whitespace(" "))
Ok(Lower("c"))
Ok(RightParen)
Ok(Whitespace("\n"))
Ok(Lower("import"))
Ok(Whitespace(" "))
Ok(Upper("B"))
Ok(Whitespace(" "))
Ok(Lower("as"))
Ok(Whitespace(" "))
Ok(Upper("B"))
Ok(Whitespace("\n"))
Ok(Lower("foo"))
Ok(Whitespace(" "))
Ok(Symbol("="))
Ok(Whitespace(" "))
Ok(Number("1"))
Ok(Whitespace(" "))
Ok(Symbol("+"))
Ok(Whitespace(" "))
Ok(Qual("B."))
Ok(Lower("t"))
