---
source: src/parser.rs
expression: "p_expr(\"foo { a = 1, b = { c = 1 }, d = { e: 1 } }\")"
---
29 of 29
===
Module
 Header
  QProperName
   NULL
   ProperName
    7..11
  Decl::Def
   Name
    19..20
   GuardedExpr::Unconditional
    Expr::Update
     Expr::Ident
      QName
       NULL
       Name
        23..26
      RecordUpdate::Leaf
       Label
        29..30
       Expr::Number
        Number
         33..34
      RecordUpdate::Branch
       Label
        36..37
        RecordUpdate::Leaf
         Label
          42..43
         Expr::Number
          Number
           46..47
      RecordUpdate::Leaf
       Label
        51..52
       Expr::Record
        55..56
         RecordLabelExpr::Field
          Label
           57..58
          Expr::Number
           Number
            60..61
        64..65
===
