---
source: src/lexer.rs
expression: "p(r#\"\nimport A as A\n\nfoo :: Int\nfoo = bar + baz\n        \"#)"
---
Ok(Newline)
Ok(Lower((0, "import")))
Ok(Whitespace(" "))
Ok(Upper((7, "A")))
Ok(Whitespace(" "))
Ok(Lower((9, "as")))
Ok(Whitespace(" "))
Ok(Upper((12, "A")))
Ok(Whitespace("\n\n"))
Ok(Lower((15, "foo")))
Ok(Whitespace(" "))
Ok(DoubleColon)
Ok(Whitespace(" "))
Ok(Upper((22, "Int")))
Ok(Newline)
Ok(Lower((0, "foo")))
Ok(Whitespace(" "))
Ok(Symbol("="))
Ok(Whitespace(" "))
Ok(Lower((6, "bar")))
Ok(Whitespace(" "))
Ok(Symbol("+"))
Ok(Whitespace(" "))
Ok(Lower((12, "baz")))
Ok(Whitespace("\n        "))
