---
source: src/parser.rs
expression: "p_expr(\"foo { a = 1 }\")"
---
14 of 14
===
Module
 Header
  QProperName
   NULL
   ProperName
    7..11
  Decl::Def
   Name
    19..20
   GuardedExpr::Unconditional
    Expr::Update
     Expr::Ident
      QName
       NULL
       Name
        23..26
      RecordUpdate::Leaf
       Label
        29..30
       Expr::Number
        Number
         33..34
===
