---
source: src/parser.rs
expression: "p_typ(\"Array $ Maybe $ Maybe $ Int\")"
---
7 of 7
===
Typ::Op
 Typ::Op
  Typ::Op
   Typ::Constructor
    QProperName
     NULL
     ProperName
      0..5
   QOp
    NULL
    Op
     6..7
   Typ::Constructor
    QProperName
     NULL
     ProperName
      8..13
  QOp
   NULL
   Op
    14..15
  Typ::Constructor
   QProperName
    NULL
    ProperName
     16..21
 QOp
  NULL
  Op
   22..23
 Typ::Constructor
  QProperName
   NULL
   ProperName
    24..27
===
