---
source: src/parser.rs
expression: "p_expr(r\"let x = 1 in 2\")"
---
16 of 16
===
Module
 Header
  QProperName
   NULL
   ProperName
    7..11
  Decl::Def
   Name
    19..20
   GuardedExpr::Unconditional
    Expr::Let
     23..26
      LetBinding::Pattern
       Binder::Var
        Name
         27..28
       Expr::Number
        Number
         31..32
     Expr::Number
      Number
       36..37
===
