---
source: src/parser.rs
expression: "p_typ(\"\n     forall out pkA pkB propsB rowB propsA rowA select\n   . GetPk (C pkA N) propsA\n  => ReflectArray pkA\n  => HasMagicMapping rowA rowA\n  => AllColumns rowA select\n  => HasMagicSelect propsA rowA select select out\n  => GetPk (C pkB N) propsB\n  => ReflectArray pkB\n  => HasMagicMapping rowB rowB\n  => Table propsA rowA\n  -> Table propsB rowB\n  -> (Record out -> Record rowB)\n  -> Sql Unit\")"
---
69 of 69
===
Typ::Forall
  TypVarBinding
   Name
    13..16
   NULL
  TypVarBinding
   Name
    17..20
   NULL
  TypVarBinding
   Name
    21..24
   NULL
  TypVarBinding
   Name
    25..31
   NULL
  TypVarBinding
   Name
    32..36
   NULL
  TypVarBinding
   Name
    37..43
   NULL
  TypVarBinding
   Name
    44..48
   NULL
  TypVarBinding
   Name
    49..55
   NULL
 Typ::Constrained
  Constraint
   QProperName
    NULL
    ProperName
     61..66
    Typ::App
     Typ::App
      Typ::Constructor
       QProperName
        NULL
        ProperName
         68..69
      Typ::Var
       Name
        70..73
     Typ::Constructor
      QProperName
       NULL
       ProperName
        74..75
    Typ::Var
     Name
      77..83
  Typ::Constrained
   Constraint
    QProperName
     NULL
     ProperName
      89..101
     Typ::Var
      Name
       102..105
   Typ::Constrained
    Constraint
     QProperName
      NULL
      ProperName
       111..126
      Typ::Var
       Name
        127..131
      Typ::Var
       Name
        132..136
    Typ::Constrained
     Constraint
      QProperName
       NULL
       ProperName
        142..152
       Typ::Var
        Name
         153..157
       Typ::Var
        Name
         158..164
     Typ::Constrained
      Constraint
       QProperName
        NULL
        ProperName
         170..184
        Typ::Var
         Name
          185..191
        Typ::Var
         Name
          192..196
        Typ::Var
         Name
          197..203
        Typ::Var
         Name
          204..210
        Typ::Var
         Name
          211..214
      Typ::Constrained
       Constraint
        QProperName
         NULL
         ProperName
          220..225
         Typ::App
          Typ::App
           Typ::Constructor
            QProperName
             NULL
             ProperName
              227..228
           Typ::Var
            Name
             229..232
          Typ::Constructor
           QProperName
            NULL
            ProperName
             233..234
         Typ::Var
          Name
           236..242
       Typ::Constrained
        Constraint
         QProperName
          NULL
          ProperName
           248..260
          Typ::Var
           Name
            261..264
        Typ::Constrained
         Constraint
          QProperName
           NULL
           ProperName
            270..285
           Typ::Var
            Name
             286..290
           Typ::Var
            Name
             291..295
         Typ::Arr
          Typ::App
           Typ::App
            Typ::Constructor
             QProperName
              NULL
              ProperName
               301..306
            Typ::Var
             Name
              307..313
           Typ::Var
            Name
             314..318
          Typ::Arr
           Typ::App
            Typ::App
             Typ::Constructor
              QProperName
               NULL
               ProperName
                324..329
             Typ::Var
              Name
               330..336
            Typ::Var
             Name
              337..341
           Typ::Arr
            Typ::Arr
             Typ::App
              Typ::Constructor
               QProperName
                NULL
                ProperName
                 348..354
              Typ::Var
               Name
                355..358
             Typ::App
              Typ::Constructor
               QProperName
                NULL
                ProperName
                 362..368
              Typ::Var
               Name
                369..373
            Typ::App
             Typ::Constructor
              QProperName
               NULL
               ProperName
                380..383
             Typ::Constructor
              QProperName
               NULL
               ProperName
                384..388
===
